19:21:45 **** Build of configuration Debug for project Bootloader ****
make -j8 all 
arm-none-eabi-gcc "../Core/Src/boot_verify.c" -mcpu=cortex-m4 -std=gnu11 -g3 -DDEBUG -DUSE_HAL_DRIVER -DSTM32F446xx -c -I../Core/Inc -I../Drivers/STM32F4xx_HAL_Driver/Inc -I../Drivers/STM32F4xx_HAL_Driver/Inc/Legacy -I../Drivers/CMSIS/Device/ST/STM32F4xx/Include -I../Drivers/CMSIS/Include -O0 -ffunction-sections -fdata-sections -Wall -fstack-usage -fcyclomatic-complexity -MMD -MP -MF"Core/Src/boot_verify.d" -MT"Core/Src/boot_verify.o" --specs=nano.specs -mfpu=fpv4-sp-d16 -mfloat-abi=hard -mthumb -o "Core/Src/boot_verify.o"
arm-none-eabi-gcc -o "Bootloader.elf" @"objects.list"   -mcpu=cortex-m4 -T"D:\Firmware\STM32\Secure_Boot\Bootloader\STM32F446RETX_FLASH.ld" --specs=nosys.specs -Wl,-Map="Bootloader.map" -Wl,--gc-sections -static --specs=nano.specs -mfpu=fpv4-sp-d16 -mfloat-abi=hard -mthumb -Wl,--start-group -lc -lm -Wl,--end-group
Finished building target: Bootloader.elf
 
arm-none-eabi-size  Bootloader.elf 
arm-none-eabi-objdump -h -S Bootloader.elf  > "Bootloader.list"
   text	   data	    bss	    dec	    hex	filename
   6016	      4	   1572	   7592	   1da8	Bootloader.elf
arm-none-eabi-objcopy  -O binary Bootloader.elf  "Bootloader.bin"
Finished building: default.size.stdout
 
Finished building: Bootloader.bin
 
Finished building: Bootloader.list
 

19:21:51 Build Finished. 0 errors, 0 warnings. (took 5s.965ms)

